// Jest Snapshot v1, https://goo.gl/fbAQLP

exports[`Button renders Chinese characters correctly 1`] = `
<button
  class="ds-button__container ds-button__container-primary ds-button__container-base"
  type="button"
>
  按钮
</button>
`;

exports[`Button renders characters correctly 1`] = `
<button
  class="ds-button__container ds-button__container-primary ds-button__container-base"
  type="button"
>
  按钮
</button>
`;
